INFO - main.py - 2024-12-06 16:15:09,293 - Argument config: 'celeba_hq.yml'
INFO - main.py - 2024-12-06 16:15:09,294 - Argument deg: 'deblur_gauss'
INFO - main.py - 2024-12-06 16:15:09,294 - Argument deg_scale: 0.0
INFO - main.py - 2024-12-06 16:15:09,294 - Argument eta_tilde: 0.7
INFO - main.py - 2024-12-06 16:15:09,294 - Argument exp: 'exp'
INFO - main.py - 2024-12-06 16:15:09,294 - Argument gamma: 8.0
INFO - main.py - 2024-12-06 16:15:09,294 - Argument image_folder: 'exp/image_samples/demo'
INFO - main.py - 2024-12-06 16:15:09,294 - Argument inject_noise: 1
INFO - main.py - 2024-12-06 16:15:09,294 - Argument ni: True
INFO - main.py - 2024-12-06 16:15:09,294 - Argument operator_imp: 'FFT'
INFO - main.py - 2024-12-06 16:15:09,294 - Argument path_y: 'celeba_hq'
INFO - main.py - 2024-12-06 16:15:09,294 - Argument save_observed_img: False
INFO - main.py - 2024-12-06 16:15:09,294 - Argument scale_ls: 1.0
INFO - main.py - 2024-12-06 16:15:09,294 - Argument seed: 1234
INFO - main.py - 2024-12-06 16:15:09,294 - Argument sigma_y: 0.05
INFO - main.py - 2024-12-06 16:15:09,294 - Argument step_size_mode: 1
INFO - main.py - 2024-12-06 16:15:09,294 - Argument subset_end: -1
INFO - main.py - 2024-12-06 16:15:09,294 - Argument subset_start: -1
INFO - main.py - 2024-12-06 16:15:09,294 - Argument verbose: 'info'
INFO - main.py - 2024-12-06 16:15:09,294 - Argument xi: 1e-05
INFO - main.py - 2024-12-06 16:15:09,294 - Argument zeta: 0.5
INFO - main.py - 2024-12-06 16:15:09,299 - Using device: cuda
